// Jest Snapshot v1, https://goo.gl/fbAQLP

exports[`App should render 1`] = `
<RNCSafeAreaProvider
  onInsetsChange={[Function]}
  style={
    [
      {
        "flex": 1,
      },
      undefined,
    ]
  }
>
  MockedRoot
</RNCSafeAreaProvider>
`;
