// Jest Snapshot v1, https://goo.gl/fbAQLP

exports[`config should keep API shape 1`] = `
{
  "Config": {
    "endpoints": {
      "GRAPHQL": "#",
    },
    "features": {},
    "global": {},
  },
}
`;
