// Jest Snapshot v1, https://goo.gl/fbAQLP

exports[`Screens should keep shape 1`] = `
{
  "Home": [Function],
}
`;
