// Jest Snapshot v1, https://goo.gl/fbAQLP

exports[`Root should keep shape 1`] = `
{
  "ErrorBoundary": [Function],
  "Root": [Function],
}
`;
